﻿  Determinando los proyectos que se van a restaurar...
  Todos los proyectos est├ín actualizados para la restauraci├│n.
C:\Users\DAVID\Pictures\Rag\Rag\Views\MainPage.xaml(16,39): XamlC warning XC0022: Binding could be compiled to improve runtime performance if x:DataType is specified. See https://learn.microsoft.com/dotnet/maui/fundamentals/data-binding/compiled-bindings for more information. [C:\Users\DAVID\Pictures\Rag\Rag\Rag.csproj::TargetFramework=net9.0-maccatalyst]
C:\Users\DAVID\Pictures\Rag\Rag\Views\MainPage.xaml(16,88): XamlC warning XC0022: Binding could be compiled to improve runtime performance if x:DataType is specified. See https://learn.microsoft.com/dotnet/maui/fundamentals/data-binding/compiled-bindings for more information. [C:\Users\DAVID\Pictures\Rag\Rag\Rag.csproj::TargetFramework=net9.0-maccatalyst]
C:\Users\DAVID\Pictures\Rag\Rag\Views\MainPage.xaml(17,33): XamlC warning XC0022: Binding could be compiled to improve runtime performance if x:DataType is specified. See https://learn.microsoft.com/dotnet/maui/fundamentals/data-binding/compiled-bindings for more information. [C:\Users\DAVID\Pictures\Rag\Rag\Rag.csproj::TargetFramework=net9.0-maccatalyst]
C:\Users\DAVID\Pictures\Rag\Rag\Views\MainPage.xaml(19,33): XamlC warning XC0022: Binding could be compiled to improve runtime performance if x:DataType is specified. See https://learn.microsoft.com/dotnet/maui/fundamentals/data-binding/compiled-bindings for more information. [C:\Users\DAVID\Pictures\Rag\Rag\Rag.csproj::TargetFramework=net9.0-maccatalyst]
C:\Users\DAVID\Pictures\Rag\Rag\Views\MainPage.xaml(22,89): XamlC error XC0009: No property, BindableProperty, or event found for "BorderColor", or mismatching type between value and property. [C:\Users\DAVID\Pictures\Rag\Rag\Rag.csproj::TargetFramework=net9.0-maccatalyst]
C:\Users\DAVID\Pictures\Rag\Rag\Views\MainPage.xaml(16,39): XamlC warning XC0022: Binding could be compiled to improve runtime performance if x:DataType is specified. See https://learn.microsoft.com/dotnet/maui/fundamentals/data-binding/compiled-bindings for more information. [C:\Users\DAVID\Pictures\Rag\Rag\Rag.csproj::TargetFramework=net9.0-ios]
C:\Users\DAVID\Pictures\Rag\Rag\Views\MainPage.xaml(16,88): XamlC warning XC0022: Binding could be compiled to improve runtime performance if x:DataType is specified. See https://learn.microsoft.com/dotnet/maui/fundamentals/data-binding/compiled-bindings for more information. [C:\Users\DAVID\Pictures\Rag\Rag\Rag.csproj::TargetFramework=net9.0-ios]
C:\Users\DAVID\Pictures\Rag\Rag\Views\MainPage.xaml(17,33): XamlC warning XC0022: Binding could be compiled to improve runtime performance if x:DataType is specified. See https://learn.microsoft.com/dotnet/maui/fundamentals/data-binding/compiled-bindings for more information. [C:\Users\DAVID\Pictures\Rag\Rag\Rag.csproj::TargetFramework=net9.0-ios]
C:\Users\DAVID\Pictures\Rag\Rag\Views\MainPage.xaml(19,33): XamlC warning XC0022: Binding could be compiled to improve runtime performance if x:DataType is specified. See https://learn.microsoft.com/dotnet/maui/fundamentals/data-binding/compiled-bindings for more information. [C:\Users\DAVID\Pictures\Rag\Rag\Rag.csproj::TargetFramework=net9.0-ios]
C:\Users\DAVID\Pictures\Rag\Rag\Views\MainPage.xaml(22,89): XamlC error XC0009: No property, BindableProperty, or event found for "BorderColor", or mismatching type between value and property. [C:\Users\DAVID\Pictures\Rag\Rag\Rag.csproj::TargetFramework=net9.0-ios]
C:\Users\DAVID\Pictures\Rag\Rag\Views\MainPage.xaml(16,39): XamlC warning XC0022: Binding could be compiled to improve runtime performance if x:DataType is specified. See https://learn.microsoft.com/dotnet/maui/fundamentals/data-binding/compiled-bindings for more information. [C:\Users\DAVID\Pictures\Rag\Rag\Rag.csproj::TargetFramework=net9.0-android]
C:\Users\DAVID\Pictures\Rag\Rag\Views\MainPage.xaml(16,88): XamlC warning XC0022: Binding could be compiled to improve runtime performance if x:DataType is specified. See https://learn.microsoft.com/dotnet/maui/fundamentals/data-binding/compiled-bindings for more information. [C:\Users\DAVID\Pictures\Rag\Rag\Rag.csproj::TargetFramework=net9.0-android]
C:\Users\DAVID\Pictures\Rag\Rag\Views\MainPage.xaml(17,33): XamlC warning XC0022: Binding could be compiled to improve runtime performance if x:DataType is specified. See https://learn.microsoft.com/dotnet/maui/fundamentals/data-binding/compiled-bindings for more information. [C:\Users\DAVID\Pictures\Rag\Rag\Rag.csproj::TargetFramework=net9.0-android]
C:\Users\DAVID\Pictures\Rag\Rag\Views\MainPage.xaml(19,33): XamlC warning XC0022: Binding could be compiled to improve runtime performance if x:DataType is specified. See https://learn.microsoft.com/dotnet/maui/fundamentals/data-binding/compiled-bindings for more information. [C:\Users\DAVID\Pictures\Rag\Rag\Rag.csproj::TargetFramework=net9.0-android]
C:\Users\DAVID\Pictures\Rag\Rag\Views\MainPage.xaml(22,89): XamlC error XC0009: No property, BindableProperty, or event found for "BorderColor", or mismatching type between value and property. [C:\Users\DAVID\Pictures\Rag\Rag\Rag.csproj::TargetFramework=net9.0-android]
C:\Users\DAVID\Pictures\Rag\Rag\Services\AnythingLlmService.cs(135,80): warning CS8625: No se puede convertir un literal NULL en un tipo de referencia que no acepta valores NULL. [C:\Users\DAVID\Pictures\Rag\Rag\Rag.csproj::TargetFramework=net9.0-windows10.0.19041.0]
C:\Users\DAVID\Pictures\Rag\Rag\ViewModels\MainViewModel.cs(60,18): warning CS8611: La nulabilidad de los tipos de referencia del tipo de par├ímetro"value" no coincide con la declaraci├│n de m├®todo parcial. [C:\Users\DAVID\Pictures\Rag\Rag\Rag.csproj::TargetFramework=net9.0-windows10.0.19041.0]
C:\Users\DAVID\Pictures\Rag\Rag\Services\AnythingLlmService.cs(49,31): warning CS8602: Desreferencia de una referencia posiblemente NULL. [C:\Users\DAVID\Pictures\Rag\Rag\Rag.csproj::TargetFramework=net9.0-windows10.0.19041.0]
C:\Users\DAVID\Pictures\Rag\Rag\ViewModels\MainViewModel.cs(118,37): warning CS0618: 'Application.MainPage.get' est├í obsoleto: 'This property has been deprecated. For single-window applications, use Windows[0].Page. For multi-window applications, identify and use the appropriate Window object to access the desired Page. Additionally, each element features a Window property, accessible when it's part of the current window.' [C:\Users\DAVID\Pictures\Rag\Rag\Rag.csproj::TargetFramework=net9.0-windows10.0.19041.0]
C:\Users\DAVID\Pictures\Rag\Rag\ViewModels\MainViewModel.cs(119,23): warning CS0618: 'Application.MainPage.get' est├í obsoleto: 'This property has been deprecated. For single-window applications, use Windows[0].Page. For multi-window applications, identify and use the appropriate Window object to access the desired Page. Additionally, each element features a Window property, accessible when it's part of the current window.' [C:\Users\DAVID\Pictures\Rag\Rag\Rag.csproj::TargetFramework=net9.0-windows10.0.19041.0]
C:\Users\DAVID\Pictures\Rag\Rag\ViewModels\MainViewModel.cs(128,33): warning CS0618: 'Application.MainPage.get' est├í obsoleto: 'This property has been deprecated. For single-window applications, use Windows[0].Page. For multi-window applications, identify and use the appropriate Window object to access the desired Page. Additionally, each element features a Window property, accessible when it's part of the current window.' [C:\Users\DAVID\Pictures\Rag\Rag\Rag.csproj::TargetFramework=net9.0-windows10.0.19041.0]
C:\Users\DAVID\Pictures\Rag\Rag\ViewModels\MainViewModel.cs(130,36): warning CS0618: 'Application.MainPage.get' est├í obsoleto: 'This property has been deprecated. For single-window applications, use Windows[0].Page. For multi-window applications, identify and use the appropriate Window object to access the desired Page. Additionally, each element features a Window property, accessible when it's part of the current window.' [C:\Users\DAVID\Pictures\Rag\Rag\Rag.csproj::TargetFramework=net9.0-windows10.0.19041.0]
C:\Users\DAVID\Pictures\Rag\Rag\ViewModels\MainViewModel.cs(140,27): warning CS0618: 'Application.MainPage.get' est├í obsoleto: 'This property has been deprecated. For single-window applications, use Windows[0].Page. For multi-window applications, identify and use the appropriate Window object to access the desired Page. Additionally, each element features a Window property, accessible when it's part of the current window.' [C:\Users\DAVID\Pictures\Rag\Rag\Rag.csproj::TargetFramework=net9.0-windows10.0.19041.0]
C:\Users\DAVID\Pictures\Rag\Rag\ViewModels\MainViewModel.cs(151,33): warning CS0618: 'Application.MainPage.get' est├í obsoleto: 'This property has been deprecated. For single-window applications, use Windows[0].Page. For multi-window applications, identify and use the appropriate Window object to access the desired Page. Additionally, each element features a Window property, accessible when it's part of the current window.' [C:\Users\DAVID\Pictures\Rag\Rag\Rag.csproj::TargetFramework=net9.0-windows10.0.19041.0]
C:\Users\DAVID\Pictures\Rag\Rag\ViewModels\MainViewModel.cs(153,34): warning CS0618: 'Application.MainPage.get' est├í obsoleto: 'This property has been deprecated. For single-window applications, use Windows[0].Page. For multi-window applications, identify and use the appropriate Window object to access the desired Page. Additionally, each element features a Window property, accessible when it's part of the current window.' [C:\Users\DAVID\Pictures\Rag\Rag\Rag.csproj::TargetFramework=net9.0-windows10.0.19041.0]
C:\Users\DAVID\Pictures\Rag\Rag\ViewModels\MainViewModel.cs(164,27): warning CS0618: 'Application.MainPage.get' est├í obsoleto: 'This property has been deprecated. For single-window applications, use Windows[0].Page. For multi-window applications, identify and use the appropriate Window object to access the desired Page. Additionally, each element features a Window property, accessible when it's part of the current window.' [C:\Users\DAVID\Pictures\Rag\Rag\Rag.csproj::TargetFramework=net9.0-windows10.0.19041.0]
C:\Users\DAVID\Pictures\Rag\Rag\ViewModels\MainViewModel.cs(190,33): warning CS0618: 'Application.MainPage.get' est├í obsoleto: 'This property has been deprecated. For single-window applications, use Windows[0].Page. For multi-window applications, identify and use the appropriate Window object to access the desired Page. Additionally, each element features a Window property, accessible when it's part of the current window.' [C:\Users\DAVID\Pictures\Rag\Rag\Rag.csproj::TargetFramework=net9.0-windows10.0.19041.0]
C:\Users\DAVID\Pictures\Rag\Rag\ViewModels\MainViewModel.cs(192,34): warning CS0618: 'Application.MainPage.get' est├í obsoleto: 'This property has been deprecated. For single-window applications, use Windows[0].Page. For multi-window applications, identify and use the appropriate Window object to access the desired Page. Additionally, each element features a Window property, accessible when it's part of the current window.' [C:\Users\DAVID\Pictures\Rag\Rag\Rag.csproj::TargetFramework=net9.0-windows10.0.19041.0]
C:\Users\DAVID\Pictures\Rag\Rag\ViewModels\MainViewModel.cs(202,27): warning CS0618: 'Application.MainPage.get' est├í obsoleto: 'This property has been deprecated. For single-window applications, use Windows[0].Page. For multi-window applications, identify and use the appropriate Window object to access the desired Page. Additionally, each element features a Window property, accessible when it's part of the current window.' [C:\Users\DAVID\Pictures\Rag\Rag\Rag.csproj::TargetFramework=net9.0-windows10.0.19041.0]
C:\Users\DAVID\Pictures\Rag\Rag\ViewModels\MainViewModel.cs(263,37): warning CS0618: 'Application.MainPage.get' est├í obsoleto: 'This property has been deprecated. For single-window applications, use Windows[0].Page. For multi-window applications, identify and use the appropriate Window object to access the desired Page. Additionally, each element features a Window property, accessible when it's part of the current window.' [C:\Users\DAVID\Pictures\Rag\Rag\Rag.csproj::TargetFramework=net9.0-windows10.0.19041.0]
C:\Users\DAVID\Pictures\Rag\Rag\ViewModels\MainViewModel.cs(264,23): warning CS0618: 'Application.MainPage.get' est├í obsoleto: 'This property has been deprecated. For single-window applications, use Windows[0].Page. For multi-window applications, identify and use the appropriate Window object to access the desired Page. Additionally, each element features a Window property, accessible when it's part of the current window.' [C:\Users\DAVID\Pictures\Rag\Rag\Rag.csproj::TargetFramework=net9.0-windows10.0.19041.0]
C:\Users\DAVID\Pictures\Rag\Rag\Views\MainPage.xaml(16,39): XamlC warning XC0022: Binding could be compiled to improve runtime performance if x:DataType is specified. See https://learn.microsoft.com/dotnet/maui/fundamentals/data-binding/compiled-bindings for more information. [C:\Users\DAVID\Pictures\Rag\Rag\Rag.csproj::TargetFramework=net9.0-windows10.0.19041.0]
C:\Users\DAVID\Pictures\Rag\Rag\Views\MainPage.xaml(16,88): XamlC warning XC0022: Binding could be compiled to improve runtime performance if x:DataType is specified. See https://learn.microsoft.com/dotnet/maui/fundamentals/data-binding/compiled-bindings for more information. [C:\Users\DAVID\Pictures\Rag\Rag\Rag.csproj::TargetFramework=net9.0-windows10.0.19041.0]
C:\Users\DAVID\Pictures\Rag\Rag\Views\MainPage.xaml(17,33): XamlC warning XC0022: Binding could be compiled to improve runtime performance if x:DataType is specified. See https://learn.microsoft.com/dotnet/maui/fundamentals/data-binding/compiled-bindings for more information. [C:\Users\DAVID\Pictures\Rag\Rag\Rag.csproj::TargetFramework=net9.0-windows10.0.19041.0]
C:\Users\DAVID\Pictures\Rag\Rag\Views\MainPage.xaml(19,33): XamlC warning XC0022: Binding could be compiled to improve runtime performance if x:DataType is specified. See https://learn.microsoft.com/dotnet/maui/fundamentals/data-binding/compiled-bindings for more information. [C:\Users\DAVID\Pictures\Rag\Rag\Rag.csproj::TargetFramework=net9.0-windows10.0.19041.0]
C:\Users\DAVID\Pictures\Rag\Rag\Views\MainPage.xaml(22,89): XamlC error XC0009: No property, BindableProperty, or event found for "BorderColor", or mismatching type between value and property. [C:\Users\DAVID\Pictures\Rag\Rag\Rag.csproj::TargetFramework=net9.0-windows10.0.19041.0]

ERROR al compilar.

C:\Users\DAVID\Pictures\Rag\Rag\Views\MainPage.xaml(16,39): XamlC warning XC0022: Binding could be compiled to improve runtime performance if x:DataType is specified. See https://learn.microsoft.com/dotnet/maui/fundamentals/data-binding/compiled-bindings for more information. [C:\Users\DAVID\Pictures\Rag\Rag\Rag.csproj::TargetFramework=net9.0-maccatalyst]
C:\Users\DAVID\Pictures\Rag\Rag\Views\MainPage.xaml(16,88): XamlC warning XC0022: Binding could be compiled to improve runtime performance if x:DataType is specified. See https://learn.microsoft.com/dotnet/maui/fundamentals/data-binding/compiled-bindings for more information. [C:\Users\DAVID\Pictures\Rag\Rag\Rag.csproj::TargetFramework=net9.0-maccatalyst]
C:\Users\DAVID\Pictures\Rag\Rag\Views\MainPage.xaml(17,33): XamlC warning XC0022: Binding could be compiled to improve runtime performance if x:DataType is specified. See https://learn.microsoft.com/dotnet/maui/fundamentals/data-binding/compiled-bindings for more information. [C:\Users\DAVID\Pictures\Rag\Rag\Rag.csproj::TargetFramework=net9.0-maccatalyst]
C:\Users\DAVID\Pictures\Rag\Rag\Views\MainPage.xaml(19,33): XamlC warning XC0022: Binding could be compiled to improve runtime performance if x:DataType is specified. See https://learn.microsoft.com/dotnet/maui/fundamentals/data-binding/compiled-bindings for more information. [C:\Users\DAVID\Pictures\Rag\Rag\Rag.csproj::TargetFramework=net9.0-maccatalyst]
C:\Users\DAVID\Pictures\Rag\Rag\Views\MainPage.xaml(16,39): XamlC warning XC0022: Binding could be compiled to improve runtime performance if x:DataType is specified. See https://learn.microsoft.com/dotnet/maui/fundamentals/data-binding/compiled-bindings for more information. [C:\Users\DAVID\Pictures\Rag\Rag\Rag.csproj::TargetFramework=net9.0-ios]
C:\Users\DAVID\Pictures\Rag\Rag\Views\MainPage.xaml(16,88): XamlC warning XC0022: Binding could be compiled to improve runtime performance if x:DataType is specified. See https://learn.microsoft.com/dotnet/maui/fundamentals/data-binding/compiled-bindings for more information. [C:\Users\DAVID\Pictures\Rag\Rag\Rag.csproj::TargetFramework=net9.0-ios]
C:\Users\DAVID\Pictures\Rag\Rag\Views\MainPage.xaml(17,33): XamlC warning XC0022: Binding could be compiled to improve runtime performance if x:DataType is specified. See https://learn.microsoft.com/dotnet/maui/fundamentals/data-binding/compiled-bindings for more information. [C:\Users\DAVID\Pictures\Rag\Rag\Rag.csproj::TargetFramework=net9.0-ios]
C:\Users\DAVID\Pictures\Rag\Rag\Views\MainPage.xaml(19,33): XamlC warning XC0022: Binding could be compiled to improve runtime performance if x:DataType is specified. See https://learn.microsoft.com/dotnet/maui/fundamentals/data-binding/compiled-bindings for more information. [C:\Users\DAVID\Pictures\Rag\Rag\Rag.csproj::TargetFramework=net9.0-ios]
C:\Users\DAVID\Pictures\Rag\Rag\Views\MainPage.xaml(16,39): XamlC warning XC0022: Binding could be compiled to improve runtime performance if x:DataType is specified. See https://learn.microsoft.com/dotnet/maui/fundamentals/data-binding/compiled-bindings for more information. [C:\Users\DAVID\Pictures\Rag\Rag\Rag.csproj::TargetFramework=net9.0-android]
C:\Users\DAVID\Pictures\Rag\Rag\Views\MainPage.xaml(16,88): XamlC warning XC0022: Binding could be compiled to improve runtime performance if x:DataType is specified. See https://learn.microsoft.com/dotnet/maui/fundamentals/data-binding/compiled-bindings for more information. [C:\Users\DAVID\Pictures\Rag\Rag\Rag.csproj::TargetFramework=net9.0-android]
C:\Users\DAVID\Pictures\Rag\Rag\Views\MainPage.xaml(17,33): XamlC warning XC0022: Binding could be compiled to improve runtime performance if x:DataType is specified. See https://learn.microsoft.com/dotnet/maui/fundamentals/data-binding/compiled-bindings for more information. [C:\Users\DAVID\Pictures\Rag\Rag\Rag.csproj::TargetFramework=net9.0-android]
C:\Users\DAVID\Pictures\Rag\Rag\Views\MainPage.xaml(19,33): XamlC warning XC0022: Binding could be compiled to improve runtime performance if x:DataType is specified. See https://learn.microsoft.com/dotnet/maui/fundamentals/data-binding/compiled-bindings for more information. [C:\Users\DAVID\Pictures\Rag\Rag\Rag.csproj::TargetFramework=net9.0-android]
C:\Users\DAVID\Pictures\Rag\Rag\Services\AnythingLlmService.cs(135,80): warning CS8625: No se puede convertir un literal NULL en un tipo de referencia que no acepta valores NULL. [C:\Users\DAVID\Pictures\Rag\Rag\Rag.csproj::TargetFramework=net9.0-windows10.0.19041.0]
C:\Users\DAVID\Pictures\Rag\Rag\ViewModels\MainViewModel.cs(60,18): warning CS8611: La nulabilidad de los tipos de referencia del tipo de par├ímetro"value" no coincide con la declaraci├│n de m├®todo parcial. [C:\Users\DAVID\Pictures\Rag\Rag\Rag.csproj::TargetFramework=net9.0-windows10.0.19041.0]
C:\Users\DAVID\Pictures\Rag\Rag\Services\AnythingLlmService.cs(49,31): warning CS8602: Desreferencia de una referencia posiblemente NULL. [C:\Users\DAVID\Pictures\Rag\Rag\Rag.csproj::TargetFramework=net9.0-windows10.0.19041.0]
C:\Users\DAVID\Pictures\Rag\Rag\ViewModels\MainViewModel.cs(118,37): warning CS0618: 'Application.MainPage.get' est├í obsoleto: 'This property has been deprecated. For single-window applications, use Windows[0].Page. For multi-window applications, identify and use the appropriate Window object to access the desired Page. Additionally, each element features a Window property, accessible when it's part of the current window.' [C:\Users\DAVID\Pictures\Rag\Rag\Rag.csproj::TargetFramework=net9.0-windows10.0.19041.0]
C:\Users\DAVID\Pictures\Rag\Rag\ViewModels\MainViewModel.cs(119,23): warning CS0618: 'Application.MainPage.get' est├í obsoleto: 'This property has been deprecated. For single-window applications, use Windows[0].Page. For multi-window applications, identify and use the appropriate Window object to access the desired Page. Additionally, each element features a Window property, accessible when it's part of the current window.' [C:\Users\DAVID\Pictures\Rag\Rag\Rag.csproj::TargetFramework=net9.0-windows10.0.19041.0]
C:\Users\DAVID\Pictures\Rag\Rag\ViewModels\MainViewModel.cs(128,33): warning CS0618: 'Application.MainPage.get' est├í obsoleto: 'This property has been deprecated. For single-window applications, use Windows[0].Page. For multi-window applications, identify and use the appropriate Window object to access the desired Page. Additionally, each element features a Window property, accessible when it's part of the current window.' [C:\Users\DAVID\Pictures\Rag\Rag\Rag.csproj::TargetFramework=net9.0-windows10.0.19041.0]
C:\Users\DAVID\Pictures\Rag\Rag\ViewModels\MainViewModel.cs(130,36): warning CS0618: 'Application.MainPage.get' est├í obsoleto: 'This property has been deprecated. For single-window applications, use Windows[0].Page. For multi-window applications, identify and use the appropriate Window object to access the desired Page. Additionally, each element features a Window property, accessible when it's part of the current window.' [C:\Users\DAVID\Pictures\Rag\Rag\Rag.csproj::TargetFramework=net9.0-windows10.0.19041.0]
C:\Users\DAVID\Pictures\Rag\Rag\ViewModels\MainViewModel.cs(140,27): warning CS0618: 'Application.MainPage.get' est├í obsoleto: 'This property has been deprecated. For single-window applications, use Windows[0].Page. For multi-window applications, identify and use the appropriate Window object to access the desired Page. Additionally, each element features a Window property, accessible when it's part of the current window.' [C:\Users\DAVID\Pictures\Rag\Rag\Rag.csproj::TargetFramework=net9.0-windows10.0.19041.0]
C:\Users\DAVID\Pictures\Rag\Rag\ViewModels\MainViewModel.cs(151,33): warning CS0618: 'Application.MainPage.get' est├í obsoleto: 'This property has been deprecated. For single-window applications, use Windows[0].Page. For multi-window applications, identify and use the appropriate Window object to access the desired Page. Additionally, each element features a Window property, accessible when it's part of the current window.' [C:\Users\DAVID\Pictures\Rag\Rag\Rag.csproj::TargetFramework=net9.0-windows10.0.19041.0]
C:\Users\DAVID\Pictures\Rag\Rag\ViewModels\MainViewModel.cs(153,34): warning CS0618: 'Application.MainPage.get' est├í obsoleto: 'This property has been deprecated. For single-window applications, use Windows[0].Page. For multi-window applications, identify and use the appropriate Window object to access the desired Page. Additionally, each element features a Window property, accessible when it's part of the current window.' [C:\Users\DAVID\Pictures\Rag\Rag\Rag.csproj::TargetFramework=net9.0-windows10.0.19041.0]
C:\Users\DAVID\Pictures\Rag\Rag\ViewModels\MainViewModel.cs(164,27): warning CS0618: 'Application.MainPage.get' est├í obsoleto: 'This property has been deprecated. For single-window applications, use Windows[0].Page. For multi-window applications, identify and use the appropriate Window object to access the desired Page. Additionally, each element features a Window property, accessible when it's part of the current window.' [C:\Users\DAVID\Pictures\Rag\Rag\Rag.csproj::TargetFramework=net9.0-windows10.0.19041.0]
C:\Users\DAVID\Pictures\Rag\Rag\ViewModels\MainViewModel.cs(190,33): warning CS0618: 'Application.MainPage.get' est├í obsoleto: 'This property has been deprecated. For single-window applications, use Windows[0].Page. For multi-window applications, identify and use the appropriate Window object to access the desired Page. Additionally, each element features a Window property, accessible when it's part of the current window.' [C:\Users\DAVID\Pictures\Rag\Rag\Rag.csproj::TargetFramework=net9.0-windows10.0.19041.0]
C:\Users\DAVID\Pictures\Rag\Rag\ViewModels\MainViewModel.cs(192,34): warning CS0618: 'Application.MainPage.get' est├í obsoleto: 'This property has been deprecated. For single-window applications, use Windows[0].Page. For multi-window applications, identify and use the appropriate Window object to access the desired Page. Additionally, each element features a Window property, accessible when it's part of the current window.' [C:\Users\DAVID\Pictures\Rag\Rag\Rag.csproj::TargetFramework=net9.0-windows10.0.19041.0]
C:\Users\DAVID\Pictures\Rag\Rag\ViewModels\MainViewModel.cs(202,27): warning CS0618: 'Application.MainPage.get' est├í obsoleto: 'This property has been deprecated. For single-window applications, use Windows[0].Page. For multi-window applications, identify and use the appropriate Window object to access the desired Page. Additionally, each element features a Window property, accessible when it's part of the current window.' [C:\Users\DAVID\Pictures\Rag\Rag\Rag.csproj::TargetFramework=net9.0-windows10.0.19041.0]
C:\Users\DAVID\Pictures\Rag\Rag\ViewModels\MainViewModel.cs(263,37): warning CS0618: 'Application.MainPage.get' est├í obsoleto: 'This property has been deprecated. For single-window applications, use Windows[0].Page. For multi-window applications, identify and use the appropriate Window object to access the desired Page. Additionally, each element features a Window property, accessible when it's part of the current window.' [C:\Users\DAVID\Pictures\Rag\Rag\Rag.csproj::TargetFramework=net9.0-windows10.0.19041.0]
C:\Users\DAVID\Pictures\Rag\Rag\ViewModels\MainViewModel.cs(264,23): warning CS0618: 'Application.MainPage.get' est├í obsoleto: 'This property has been deprecated. For single-window applications, use Windows[0].Page. For multi-window applications, identify and use the appropriate Window object to access the desired Page. Additionally, each element features a Window property, accessible when it's part of the current window.' [C:\Users\DAVID\Pictures\Rag\Rag\Rag.csproj::TargetFramework=net9.0-windows10.0.19041.0]
C:\Users\DAVID\Pictures\Rag\Rag\Views\MainPage.xaml(16,39): XamlC warning XC0022: Binding could be compiled to improve runtime performance if x:DataType is specified. See https://learn.microsoft.com/dotnet/maui/fundamentals/data-binding/compiled-bindings for more information. [C:\Users\DAVID\Pictures\Rag\Rag\Rag.csproj::TargetFramework=net9.0-windows10.0.19041.0]
C:\Users\DAVID\Pictures\Rag\Rag\Views\MainPage.xaml(16,88): XamlC warning XC0022: Binding could be compiled to improve runtime performance if x:DataType is specified. See https://learn.microsoft.com/dotnet/maui/fundamentals/data-binding/compiled-bindings for more information. [C:\Users\DAVID\Pictures\Rag\Rag\Rag.csproj::TargetFramework=net9.0-windows10.0.19041.0]
C:\Users\DAVID\Pictures\Rag\Rag\Views\MainPage.xaml(17,33): XamlC warning XC0022: Binding could be compiled to improve runtime performance if x:DataType is specified. See https://learn.microsoft.com/dotnet/maui/fundamentals/data-binding/compiled-bindings for more information. [C:\Users\DAVID\Pictures\Rag\Rag\Rag.csproj::TargetFramework=net9.0-windows10.0.19041.0]
C:\Users\DAVID\Pictures\Rag\Rag\Views\MainPage.xaml(19,33): XamlC warning XC0022: Binding could be compiled to improve runtime performance if x:DataType is specified. See https://learn.microsoft.com/dotnet/maui/fundamentals/data-binding/compiled-bindings for more information. [C:\Users\DAVID\Pictures\Rag\Rag\Rag.csproj::TargetFramework=net9.0-windows10.0.19041.0]
C:\Users\DAVID\Pictures\Rag\Rag\Views\MainPage.xaml(22,89): XamlC error XC0009: No property, BindableProperty, or event found for "BorderColor", or mismatching type between value and property. [C:\Users\DAVID\Pictures\Rag\Rag\Rag.csproj::TargetFramework=net9.0-maccatalyst]
C:\Users\DAVID\Pictures\Rag\Rag\Views\MainPage.xaml(22,89): XamlC error XC0009: No property, BindableProperty, or event found for "BorderColor", or mismatching type between value and property. [C:\Users\DAVID\Pictures\Rag\Rag\Rag.csproj::TargetFramework=net9.0-ios]
C:\Users\DAVID\Pictures\Rag\Rag\Views\MainPage.xaml(22,89): XamlC error XC0009: No property, BindableProperty, or event found for "BorderColor", or mismatching type between value and property. [C:\Users\DAVID\Pictures\Rag\Rag\Rag.csproj::TargetFramework=net9.0-android]
C:\Users\DAVID\Pictures\Rag\Rag\Views\MainPage.xaml(22,89): XamlC error XC0009: No property, BindableProperty, or event found for "BorderColor", or mismatching type between value and property. [C:\Users\DAVID\Pictures\Rag\Rag\Rag.csproj::TargetFramework=net9.0-windows10.0.19041.0]
    32 Advertencia(s)
    4 Errores

Tiempo transcurrido 00:00:02.30

Hay actualizaciones de carga de trabajo disponibles. Ejecute "dotnet workload list" para obtener m├ís informaci├│n.
